$VAR1 = [
          bless( {
                   'name' => [
                               'value',
                               'list'
                             ]
                 }, 'OPTiMaDe::FilterParser::Property' ),
          '=',
          'a',
          '=',
          'b',
          '=',
          'c',
          bless( {
                   'operator' => 'HAS ALL',
                   'property' => $VAR1->[0],
                   'values' => [
                                 [
                                   '=',
                                   'a'
                                 ],
                                 [
                                   '=',
                                   'b'
                                 ],
                                 [
                                   '=',
                                   'c'
                                 ]
                               ]
                 }, 'OPTiMaDe::FilterParser::ListComparison' )
        ];
