$VAR1 = bless( {
                 'operands' => [
                                 bless( {
                                          'operands' => [
                                                          bless( {
                                                                   'name' => [
                                                                               'a'
                                                                             ]
                                                                 }, 'OPTiMaDe::FilterParser::Property' ),
                                                          '5'
                                                        ],
                                          'operator' => '>'
                                        }, 'OPTiMaDe::FilterParser::Comparison' ),
                                 bless( {
                                          'operands' => [
                                                          bless( {
                                                                   'operands' => [
                                                                                   bless( {
                                                                                            'name' => [
                                                                                                        'b'
                                                                                                      ]
                                                                                          }, 'OPTiMaDe::FilterParser::Property' ),
                                                                                   '2'
                                                                                 ],
                                                                   'operator' => '<'
                                                                 }, 'OPTiMaDe::FilterParser::Comparison' ),
                                                          bless( {
                                                                   'operands' => [
                                                                                   bless( {
                                                                                            'name' => [
                                                                                                        'c'
                                                                                                      ]
                                                                                          }, 'OPTiMaDe::FilterParser::Property' ),
                                                                                   '10'
                                                                                 ],
                                                                   'operator' => '>'
                                                                 }, 'OPTiMaDe::FilterParser::Comparison' )
                                                        ],
                                          'operator' => 'AND'
                                        }, 'OPTiMaDe::FilterParser::AndOr' )
                               ],
                 'operator' => 'OR'
               }, 'OPTiMaDe::FilterParser::AndOr' );
