$VAR1 = [
          [
            bless( {
                     'name' => 'prototype_formula'
                   }, 'OPTiMaDe::FilterParser::Identifier' ),
            'STARTS',
            '"B2"'
          ],
          'AND',
          [
            bless( {
                     'name' => 'prototype_formula'
                   }, 'OPTiMaDe::FilterParser::Identifier' ),
            'ENDS',
            'WITH',
            '"D2"'
          ]
        ];
