$VAR1 = [
          'NOT',
          [
            bless( {
                     'name' => 'ice'
                   }, 'OPTiMaDe::FilterParser::Identifier' ),
            '=',
            bless( {
                     'name' => 'val'
                   }, 'OPTiMaDe::FilterParser::Identifier' )
          ]
        ];
