no SQL representation
$VAR1 = bless( {
                 'operator' => 'HAS',
                 'property' => bless( {
                                        'name' => [
                                                    'title'
                                                  ]
                                      }, 'OPTIMADE::Filter::Property' ),
                 'values' => [
                               [
                                 'ENDS WITH',
                                 undef
                               ]
                             ]
               }, 'OPTIMADE::Filter::ListComparison' );
== Filter ==
(title HAS ENDS WITH "")
== SQL ==
