$VAR1 = bless( {
                 'operands' => [
                                 '5',
                                 bless( {
                                          'name' => [
                                                      '_exmpl_a'
                                                    ]
                                        }, 'OPTiMaDe::FilterParser::Property' )
                               ],
                 'operator' => '<'
               }, 'OPTiMaDe::FilterParser::Comparison' );
== Filter ==
("5" < _exmpl_a)
== SQL ==
("5" < '_exmpl_a')
