$VAR1 = bless( {
                 'functions' => [],
                 'operands' => [
                                 bless( {
                                          'name' => [
                                                      'te'
                                                    ]
                                        }, 'OPTiMaDe::FilterParser::Property' ),
                                 bless( {
                                          'name' => [
                                                      'st'
                                                    ]
                                        }, 'OPTiMaDe::FilterParser::Property' )
                               ],
                 'operator' => '<'
               }, 'OPTiMaDe::FilterParser::Comparison' );
== SQL ==
('te' < 'st')
