$VAR1 = bless( {
                 'operands' => [
                                 bless( {
                                          'name' => 'spacegroup'
                                        }, 'OPTiMaDe::FilterParser::Identifier' ),
                                 'P2'
                               ],
                 'operator' => '='
               }, 'OPTiMaDe::FilterParser::Comparison' );
