$VAR1 = bless( {
                 'operands' => [
                                 bless( {
                                          'name' => [
                                                      'author'
                                                    ]
                                        }, 'OPTiMaDe::FilterParser::Property' ),
                                 'Sąžininga Žąsis'
                               ],
                 'operator' => '='
               }, 'OPTiMaDe::FilterParser::Comparison' );
== SQL ==
('author' = "Sąžininga Žąsis")
