$VAR1 = bless( {
                 'identifiers' => [
                                    bless( {
                                             'name' => 'elements'
                                           }, 'OPTiMaDe::FilterParser::Identifier' ),
                                    bless( {
                                             'name' => '_exmpl_element_counts'
                                           }, 'OPTiMaDe::FilterParser::Identifier' ),
                                    bless( {
                                             'name' => '_exmpl_element_weights'
                                           }, 'OPTiMaDe::FilterParser::Identifier' )
                                  ],
                 'operator' => 'HAS ANY',
                 'values' => [
                               [
                                 [
                                   [
                                     '>',
                                     '3',
                                     [
                                       undef,
                                       'He'
                                     ]
                                   ],
                                   [
                                     '>',
                                     '55.3'
                                   ]
                                 ],
                                 [
                                   [
                                     '=',
                                     '6',
                                     [
                                       '>',
                                       'Ti'
                                     ]
                                   ],
                                   [
                                     '<',
                                     '37.6'
                                   ]
                                 ]
                               ],
                               [
                                 [
                                   '8',
                                   [
                                     '<',
                                     'Ga'
                                   ]
                                 ],
                                 [
                                   undef,
                                   '0'
                                 ]
                               ]
                             ]
               }, 'OPTiMaDe::FilterParser::Zip' );
== SQL ==
<no SQL representation>
