$VAR1 = bless( {
                 'operands' => [
                                 bless( {
                                          'inner' => bless( {
                                                              'operands' => [
                                                                              bless( {
                                                                                       'name' => [
                                                                                                   '_exmpl_a'
                                                                                                 ]
                                                                                     }, 'OPTiMaDe::FilterParser::Property' ),
                                                                              bless( {
                                                                                       'name' => [
                                                                                                   '_exmpl_b'
                                                                                                 ]
                                                                                     }, 'OPTiMaDe::FilterParser::Property' )
                                                                            ],
                                                              'operator' => '>'
                                                            }, 'OPTiMaDe::FilterParser::Comparison' )
                                        }, 'OPTiMaDe::FilterParser::Negation' ),
                                 bless( {
                                          'operands' => [
                                                          bless( {
                                                                   'name' => [
                                                                               '_exmpl_x'
                                                                             ]
                                                                 }, 'OPTiMaDe::FilterParser::Property' ),
                                                          '0'
                                                        ],
                                          'operator' => '>'
                                        }, 'OPTiMaDe::FilterParser::Comparison' )
                               ],
                 'operator' => 'AND'
               }, 'OPTiMaDe::FilterParser::AndOr' );
== Filter ==
(NOT ((_exmpl_a > _exmpl_b)) AND (_exmpl_x > "0"))
== SQL ==
(NOT (('_exmpl_a' > '_exmpl_b'))) AND (('_exmpl_x' > "0"))
