$VAR1 = bless( {
                 'operands' => [
                                 bless( {
                                          'name' => [
                                                      'species',
                                                      'chemical_symbols'
                                                    ]
                                        }, 'OPTiMaDe::FilterParser::Property' ),
                                 'Ti'
                               ],
                 'operator' => '='
               }, 'OPTiMaDe::FilterParser::Comparison' );
== SQL ==
('species'.'chemical_symbols' = "Ti")
