$VAR1 = [
          [
            bless( {
                     'name' => 'elements'
                   }, 'OPTiMaDe::FilterParser::Identifier' ),
            'HAS',
            'H'
          ],
          'AND',
          [
            [
              bless( {
                       'name' => 'elements'
                     }, 'OPTiMaDe::FilterParser::Identifier' ),
              'HAS',
              'ALL',
              [
                [
                  '=',
                  'H'
                ],
                [
                  '=',
                  'He'
                ],
                [
                  '=',
                  'Ga'
                ],
                [
                  '=',
                  'Ta'
                ]
              ]
            ],
            'AND',
            [
              [
                bless( {
                         'name' => 'elements'
                       }, 'OPTiMaDe::FilterParser::Identifier' ),
                'HAS',
                'EXACTLY',
                [
                  [
                    '=',
                    'H'
                  ],
                  [
                    '=',
                    'He'
                  ],
                  [
                    '=',
                    'Ga'
                  ],
                  [
                    '=',
                    'Ta'
                  ]
                ]
              ],
              'AND',
              [
                bless( {
                         'name' => 'elements'
                       }, 'OPTiMaDe::FilterParser::Identifier' ),
                'HAS',
                'ANY',
                [
                  [
                    '=',
                    'H'
                  ],
                  [
                    '=',
                    'He'
                  ],
                  [
                    '=',
                    'Ga'
                  ],
                  [
                    '=',
                    'Ta'
                  ]
                ]
              ]
            ]
          ]
        ];
== SQL ==
(('elements' HAS H) AND (('elements' HAS ALL ((= H) (= He) (= Ga) (= Ta))) AND (('elements' HAS EXACTLY ((= H) (= He) (= Ga) (= Ta))) AND ('elements' HAS ANY ((= H) (= He) (= Ga) (= Ta))))))
