$VAR1 = bless( {
                 'functions' => [],
                 'operands' => [
                                 '5',
                                 '7'
                               ],
                 'operator' => '<'
               }, 'OPTiMaDe::FilterParser::Comparison' );
== SQL ==
("5" < "7")
