$VAR1 = bless( {
                 'functions' => [],
                 'operands' => [
                                 bless( {
                                          'name' => [
                                                      '_exmpl_some_string_property'
                                                    ]
                                        }, 'OPTiMaDe::FilterParser::Property' ),
                                 '42'
                               ],
                 'operator' => '='
               }, 'OPTiMaDe::FilterParser::Comparison' );
== SQL ==
('_exmpl_some_string_property' = "42")
