no SQL representation
$VAR1 = bless( {
                 'operands' => [
                                 bless( {
                                          'name' => [
                                                      'elements'
                                                    ]
                                        }, 'OPTIMADE::Filter::Property' ),
                                 bless( {
                                          'value' => 1
                                        }, 'OPTIMADE::Filter::Boolean' )
                               ],
                 'operator' => '='
               }, 'OPTIMADE::Filter::Comparison' );
== Filter ==
(elements = TRUE)
== SQL ==
