$VAR1 = bless( {
                 'functions' => [],
                 'operands' => [
                                 bless( {
                                          'name' => [
                                                      '_cod_cell_volume'
                                                    ]
                                        }, 'OPTiMaDe::FilterParser::Property' ),
                                 '100.0'
                               ],
                 'operator' => '<'
               }, 'OPTiMaDe::FilterParser::Comparison' );
== SQL ==
('_cod_cell_volume' < "100.0")
