$VAR1 = [
          bless( {
                   'functions' => [],
                   'operands' => [
                                   bless( {
                                            'name' => [
                                                        '_cod_melting_point'
                                                      ]
                                          }, 'OPTiMaDe::FilterParser::Property' ),
                                   '300'
                                 ],
                   'operator' => '<'
                 }, 'OPTiMaDe::FilterParser::Comparison' ),
          'AND',
          [
            bless( {
                     'functions' => [],
                     'operands' => [
                                     bless( {
                                              'name' => [
                                                          'nelements'
                                                        ]
                                            }, 'OPTiMaDe::FilterParser::Property' ),
                                     '4'
                                   ],
                     'operator' => '='
                   }, 'OPTiMaDe::FilterParser::Comparison' ),
            'AND',
            bless( {
                     'functions' => [],
                     'operands' => [
                                     bless( {
                                              'name' => [
                                                          'elements'
                                                        ]
                                            }, 'OPTiMaDe::FilterParser::Property' ),
                                     'Si,O2'
                                   ],
                     'operator' => '='
                   }, 'OPTiMaDe::FilterParser::Comparison' )
          ]
        ];
== SQL ==
(('_cod_melting_point' < "300") AND (('nelements' = "4") AND ('elements' = "Si,O2")))
