$VAR1 = bless( {
                 'functions' => [],
                 'operands' => [
                                 bless( {
                                          'name' => 'list'
                                        }, 'OPTiMaDe::FilterParser::Identifier' ),
                                 'string"with"quotes'
                               ],
                 'operator' => 'CONTAINS'
               }, 'OPTiMaDe::FilterParser::Comparison' );
== SQL ==
('list' LIKE "%string""with""quotes%")
