$VAR1 = [
          bless( {
                   'name' => 'author'
                 }, 'OPTiMaDe::FilterParser::Identifier' ),
          '=',
          '" someone "'
        ];
