$VAR1 = [
          [
            bless( {
                     'name' => '_exmpl_aax'
                   }, 'OPTiMaDe::FilterParser::Identifier' ),
            '<=',
            '+.1e8'
          ],
          'OR',
          [
            [
              bless( {
                       'name' => 'nelements'
                     }, 'OPTiMaDe::FilterParser::Identifier' ),
              '>=',
              '10'
            ],
            'AND',
            [
              'NOT',
              [
                [
                  bless( {
                           'name' => '_exmpl_x'
                         }, 'OPTiMaDe::FilterParser::Identifier' ),
                  '!=',
                  '"Some string"'
                ],
                'OR',
                [
                  'NOT',
                  [
                    bless( {
                             'name' => '_exmpl_a'
                           }, 'OPTiMaDe::FilterParser::Identifier' ),
                    '=',
                    '7'
                  ]
                ]
              ]
            ]
          ]
        ];
