$VAR1 = bless( {
                 'operands' => [
                                 bless( {
                                          'operands' => [
                                                          'TRUE',
                                                          bless( {
                                                                   'name' => [
                                                                               'property'
                                                                             ]
                                                                 }, 'OPTIMADE::Filter::Property' )
                                                        ],
                                          'operator' => '='
                                        }, 'OPTIMADE::Filter::Comparison' ),
                                 bless( {
                                          'operands' => [
                                                          'TRUE',
                                                          'FALSE'
                                                        ],
                                          'operator' => '='
                                        }, 'OPTIMADE::Filter::Comparison' )
                               ],
                 'operator' => 'AND'
               }, 'OPTIMADE::Filter::AndOr' );
== Filter ==
(("TRUE" = property) AND ("TRUE" = "FALSE"))
== SQL ==
"TRUE" = 'property' AND "TRUE" = "FALSE"
