$VAR1 = bless( {
                 'operands' => [
                                 bless( {
                                          'name' => [
                                                      'key'
                                                    ]
                                        }, 'OPTiMaDe::FilterParser::Property' ),
                                 bless( {
                                          'name' => [
                                                      'value'
                                                    ]
                                        }, 'OPTiMaDe::FilterParser::Property' )
                               ],
                 'operator' => '='
               }, 'OPTiMaDe::FilterParser::Comparison' );
== Filter ==
(key = value)
== SQL ==
('key' = 'value')
