$VAR1 = bless( {
                 'operands' => [
                                 bless( {
                                          'operands' => [
                                                          bless( {
                                                                   'name' => [
                                                                               'a'
                                                                             ]
                                                                 }, 'OPTIMADE::Filter::Property' ),
                                                          'TRUE'
                                                        ],
                                          'operator' => '='
                                        }, 'OPTIMADE::Filter::Comparison' ),
                                 bless( {
                                          'operands' => [
                                                          bless( {
                                                                   'name' => [
                                                                               'b'
                                                                             ]
                                                                 }, 'OPTIMADE::Filter::Property' ),
                                                          'TRUE'
                                                        ],
                                          'operator' => '='
                                        }, 'OPTIMADE::Filter::Comparison' )
                               ],
                 'operator' => 'AND'
               }, 'OPTIMADE::Filter::AndOr' );
== Filter ==
((a = "TRUE") AND (b = "TRUE"))
== SQL ==
'a' = "TRUE" AND 'b' = "TRUE"
