$VAR1 = [
          bless( {
                   'operands' => [
                                   bless( {
                                            'name' => '_mp_bandgap'
                                          }, 'OPTiMaDe::FilterParser::Identifier' ),
                                   '5.0'
                                 ],
                   'operator' => '>'
                 }, 'OPTiMaDe::FilterParser::Comparison' ),
          'AND',
          bless( {
                   'operands' => [
                                   bless( {
                                            'name' => '_cod_molecular_weight'
                                          }, 'OPTiMaDe::FilterParser::Identifier' ),
                                   '350'
                                 ],
                   'operator' => '<'
                 }, 'OPTiMaDe::FilterParser::Comparison' )
        ];
== SQL ==
(('_mp_bandgap' > "5.0") AND ('_cod_molecular_weight' < "350"))
