$VAR1 = [
          'NOT',
          [
            [
              bless( {
                       'functions' => [],
                       'operands' => [
                                       bless( {
                                                'name' => 'chemical_formula'
                                              }, 'OPTiMaDe::FilterParser::Identifier' ),
                                       'Al'
                                     ],
                       'operator' => '='
                     }, 'OPTiMaDe::FilterParser::Comparison' ),
              'AND',
              bless( {
                       'functions' => [],
                       'operands' => [
                                       bless( {
                                                'name' => 'prototype_formula'
                                              }, 'OPTiMaDe::FilterParser::Identifier' ),
                                       'A'
                                     ],
                       'operator' => '='
                     }, 'OPTiMaDe::FilterParser::Comparison' )
            ],
            'OR',
            [
              bless( {
                       'functions' => [],
                       'operands' => [
                                       bless( {
                                                'name' => 'prototype_formula'
                                              }, 'OPTiMaDe::FilterParser::Identifier' ),
                                       'H2O'
                                     ],
                       'operator' => '='
                     }, 'OPTiMaDe::FilterParser::Comparison' ),
              'AND',
              [
                'NOT',
                bless( {
                         'functions' => [],
                         'operands' => [
                                         bless( {
                                                  'name' => 'chemical_formula'
                                                }, 'OPTiMaDe::FilterParser::Identifier' ),
                                         'Ti'
                                       ],
                         'operator' => '='
                       }, 'OPTiMaDe::FilterParser::Comparison' )
              ]
            ]
          ]
        ];
== SQL ==
(NOT ((('chemical_formula' = "Al") AND ('prototype_formula' = "A")) OR (('prototype_formula' = "H2O") AND (NOT ('chemical_formula' = "Ti")))))
