$VAR1 = bless( {
                 'operands' => [
                                 bless( {
                                          'name' => [
                                                      'property'
                                                    ]
                                        }, 'OPTiMaDe::FilterParser::Property' ),
                                 bless( {
                                          'name' => [
                                                      'another_property'
                                                    ]
                                        }, 'OPTiMaDe::FilterParser::Property' )
                               ],
                 'operator' => 'STARTS WITH'
               }, 'OPTiMaDe::FilterParser::Comparison' );
== Filter ==
(property STARTS WITH another_property)
== SQL ==
('property' LIKE 'another_property')
