$VAR1 = bless( {
                 'functions' => [],
                 'operands' => [
                                 bless( {
                                          'name' => [
                                                      'field'
                                                    ]
                                        }, 'OPTiMaDe::FilterParser::Property' ),
                                 '!#$%&\'()*+,-./:;<=>?@[]^`{|}~%'
                               ],
                 'operator' => '='
               }, 'OPTiMaDe::FilterParser::Comparison' );
== SQL ==
('field' = "!#$%&'()*+,-./:;<=>?@[]^`{|}~%")
