$VAR1 = bless( {
                 'inner' => bless( {
                                     'operands' => [
                                                     bless( {
                                                              'name' => [
                                                                          'boolean_valued_property'
                                                                        ]
                                                            }, 'OPTIMADE::Filter::Property' ),
                                                     'TRUE'
                                                   ],
                                     'operator' => '='
                                   }, 'OPTIMADE::Filter::Comparison' )
               }, 'OPTIMADE::Filter::Negation' );
== Filter ==
(NOT (boolean_valued_property = "TRUE"))
== SQL ==
NOT ('boolean_valued_property' = "TRUE")
