$VAR1 = [
          [
            'NOT',
            bless( {
                     'operands' => [
                                     bless( {
                                              'name' => 'a'
                                            }, 'OPTiMaDe::FilterParser::Identifier' ),
                                     bless( {
                                              'name' => 'b'
                                            }, 'OPTiMaDe::FilterParser::Identifier' )
                                   ],
                     'operator' => '>'
                   }, 'OPTiMaDe::FilterParser::Comparison' )
          ],
          'AND',
          bless( {
                   'operands' => [
                                   bless( {
                                            'name' => 'x'
                                          }, 'OPTiMaDe::FilterParser::Identifier' ),
                                   '0'
                                 ],
                   'operator' => '>'
                 }, 'OPTiMaDe::FilterParser::Comparison' )
        ];
