$VAR1 = [
          [
            bless( {
                     'name' => 'prototype_formula'
                   }, 'OPTiMaDe::FilterParser::Identifier' ),
            'CONTAINS',
            'C2'
          ],
          'AND',
          [
            bless( {
                     'name' => 'prototype_formula'
                   }, 'OPTiMaDe::FilterParser::Identifier' ),
            'STARTS',
            'WITH',
            'A2'
          ]
        ];
