$VAR1 = bless( {
                 'operator' => 'HAS ONLY',
                 'property' => bless( {
                                        'name' => [
                                                    'elements'
                                                  ]
                                      }, 'OPTiMaDe::FilterParser::Property' ),
                 'values' => [
                               [
                                 '=',
                                 'H'
                               ],
                               [
                                 '=',
                                 'He'
                               ],
                               [
                                 '=',
                                 'Ga'
                               ],
                               [
                                 '=',
                                 'Ta'
                               ]
                             ]
               }, 'OPTiMaDe::FilterParser::ListComparison' );
== Filter ==
(elements HAS ONLY = "H", = "He", = "Ga", = "Ta")
== SQL ==
<no SQL representation>
