$VAR1 = [
          bless( {
                   'operands' => [
                                   bless( {
                                            'name' => 'a'
                                          }, 'OPTiMaDe::FilterParser::Identifier' ),
                                   '12345'
                                 ],
                   'operator' => '='
                 }, 'OPTiMaDe::FilterParser::Comparison' ),
          'AND',
          [
            bless( {
                     'operands' => [
                                     bless( {
                                              'name' => 'b'
                                            }, 'OPTiMaDe::FilterParser::Identifier' ),
                                     '+12'
                                   ],
                     'operator' => '='
                   }, 'OPTiMaDe::FilterParser::Comparison' ),
            'AND',
            [
              bless( {
                       'operands' => [
                                       bless( {
                                                'name' => 'c'
                                              }, 'OPTiMaDe::FilterParser::Identifier' ),
                                       '-34'
                                     ],
                       'operator' => '='
                     }, 'OPTiMaDe::FilterParser::Comparison' ),
              'AND',
              [
                bless( {
                         'operands' => [
                                         bless( {
                                                  'name' => 'd'
                                                }, 'OPTiMaDe::FilterParser::Identifier' ),
                                         '1.2'
                                       ],
                         'operator' => '='
                       }, 'OPTiMaDe::FilterParser::Comparison' ),
                'AND',
                [
                  bless( {
                           'operands' => [
                                           bless( {
                                                    'name' => 'e'
                                                  }, 'OPTiMaDe::FilterParser::Identifier' ),
                                           '.2E7'
                                         ],
                           'operator' => '='
                         }, 'OPTiMaDe::FilterParser::Comparison' ),
                  'AND',
                  [
                    bless( {
                             'operands' => [
                                             bless( {
                                                      'name' => 'f'
                                                    }, 'OPTiMaDe::FilterParser::Identifier' ),
                                             '-.2E+7'
                                           ],
                             'operator' => '='
                           }, 'OPTiMaDe::FilterParser::Comparison' ),
                    'AND',
                    [
                      bless( {
                               'operands' => [
                                               bless( {
                                                        'name' => 'g'
                                                      }, 'OPTiMaDe::FilterParser::Identifier' ),
                                               '+10.01E-10'
                                             ],
                               'operator' => '='
                             }, 'OPTiMaDe::FilterParser::Comparison' ),
                      'AND',
                      [
                        bless( {
                                 'operands' => [
                                                 bless( {
                                                          'name' => 'h'
                                                        }, 'OPTiMaDe::FilterParser::Identifier' ),
                                                 '6.03e23'
                                               ],
                                 'operator' => '='
                               }, 'OPTiMaDe::FilterParser::Comparison' ),
                        'AND',
                        [
                          bless( {
                                   'operands' => [
                                                   bless( {
                                                            'name' => 'i'
                                                          }, 'OPTiMaDe::FilterParser::Identifier' ),
                                                   '.1E1'
                                                 ],
                                   'operator' => '='
                                 }, 'OPTiMaDe::FilterParser::Comparison' ),
                          'AND',
                          [
                            bless( {
                                     'operands' => [
                                                     bless( {
                                                              'name' => 'j'
                                                            }, 'OPTiMaDe::FilterParser::Identifier' ),
                                                     '-.1e1'
                                                   ],
                                     'operator' => '='
                                   }, 'OPTiMaDe::FilterParser::Comparison' ),
                            'AND',
                            [
                              bless( {
                                       'operands' => [
                                                       bless( {
                                                                'name' => 'k'
                                                              }, 'OPTiMaDe::FilterParser::Identifier' ),
                                                       '1.e-12'
                                                     ],
                                       'operator' => '='
                                     }, 'OPTiMaDe::FilterParser::Comparison' ),
                              'AND',
                              [
                                bless( {
                                         'operands' => [
                                                         bless( {
                                                                  'name' => 'l'
                                                                }, 'OPTiMaDe::FilterParser::Identifier' ),
                                                         '-.1e-12'
                                                       ],
                                         'operator' => '='
                                       }, 'OPTiMaDe::FilterParser::Comparison' ),
                                'AND',
                                bless( {
                                         'operands' => [
                                                         bless( {
                                                                  'name' => 'm'
                                                                }, 'OPTiMaDe::FilterParser::Identifier' ),
                                                         '1000000000.E1000000000'
                                                       ],
                                         'operator' => '='
                                       }, 'OPTiMaDe::FilterParser::Comparison' )
                              ]
                            ]
                          ]
                        ]
                      ]
                    ]
                  ]
                ]
              ]
            ]
          ]
        ];
