$VAR1 = [
          [
            bless( {
                     'name' => 'chemical_formula_hill'
                   }, 'OPTiMaDe::FilterParser::Identifier' ),
            'IS',
            'KNOWN'
          ],
          'AND',
          [
            'NOT',
            [
              bless( {
                       'name' => 'chemical_formula_anonymous'
                     }, 'OPTiMaDe::FilterParser::Identifier' ),
              'IS',
              'UNKNOWN'
            ]
          ]
        ];
== SQL ==
(('chemical_formula_hill' IS KNOWN) AND (NOT ('chemical_formula_anonymous' IS UNKNOWN)))
